// Jest Snapshot v1, https://goo.gl/fbAQLP

exports[`snapshot default 1`] = `"test \\"unicorn\\""`;

exports[`snapshot with serializer 1`] = `test "unicorn"`;
